// Jest Snapshot v1, https://goo.gl/fbAQLP

exports[`<Header /> it renders correctly 1`] = `
<div
  className="row"
  style={
    Object {
      "marginBottom": "2rem",
    }
  }
>
  <div
    className="col-12"
  >
    <div
      className="card"
    >
      <div
        className="card-header"
      >
        If you would like to receive notifications about new posts, then please consider signing up.
      </div>
      <div
        className="card-body"
      >
        <SubscriptionForm />
      </div>
    </div>
  </div>
</div>
`;
