// Jest Snapshot v1, https://goo.gl/fbAQLP

exports[`<SubscriptionForm /> it renders correctly 1`] = `
<div>
  <form>
    <div
      className="input-group mb-3"
    >
      <input
        className="form-control"
        name="email"
        placeholder="Your email Address"
        required={true}
        type="email"
      />
      <div
        className="input-group-append"
      >
        <input
          className="btn btn-outline-secondary"
          type="submit"
          value="Sign Up"
        />
      </div>
    </div>
  </form>
</div>
`;
